0 verbose cli /usr/local/bin/node /usr/local/bin/npm
1 info using npm@10.8.2
2 info using node@v20.18.1
3 silly config load:file:/usr/local/lib/node_modules/npm/npmrc
4 silly config load:file:/data/.npmrc
5 silly config load:file:/root/.npmrc
6 silly config load:file:/usr/local/etc/npmrc
7 verbose title npm install node-red-contrib-mqtt-auto@1.0.3
8 verbose argv "install" "--no-audit" "--no-update-notifier" "--no-fund" "--save" "--save-prefix" "~" "--omit" "dev" "--engine-strict" "node-red-contrib-mqtt-auto@1.0.3"
9 verbose logfile logs-max:10 dir:/data/.npm/_logs/2025-01-12T19_05_01_734Z-
10 verbose logfile /data/.npm/_logs/2025-01-12T19_05_01_734Z-debug-0.log
11 silly packumentCache heap:1061421056 maxSize:265355264 maxEntrySize:132677632
12 silly logfile done cleaning log files
13 silly idealTree buildDeps
14 silly fetch manifest node-red-contrib-mqtt-auto@1.0.3
15 silly packumentCache full:https://registry.npmjs.org/node-red-contrib-mqtt-auto cache-miss
16 http fetch GET 200 https://registry.npmjs.org/node-red-contrib-mqtt-auto 582ms (cache miss)
17 silly packumentCache full:https://registry.npmjs.org/node-red-contrib-mqtt-auto set size:undefined disposed:false
18 silly placeDep ROOT node-red-contrib-mqtt-auto@1.0.3 OK for: node-red-project@0.0.1 want: 1.0.3
19 silly fetch manifest mqtt@^4.2.8
20 silly packumentCache full:https://registry.npmjs.org/mqtt cache-miss
21 http fetch GET 200 https://registry.npmjs.org/mqtt 93ms (cache miss)
22 silly packumentCache full:https://registry.npmjs.org/mqtt set size:undefined disposed:false
23 silly placeDep ROOT mqtt@4.3.8 OK for: node-red-contrib-mqtt-auto@1.0.3 want: ^4.2.8
24 silly fetch manifest ws@^7.5.5
25 silly packumentCache full:https://registry.npmjs.org/ws cache-miss
26 http fetch GET 200 https://registry.npmjs.org/ws 20ms (cache hit)
27 silly packumentCache full:https://registry.npmjs.org/ws set size:403597 disposed:false
28 silly fetch manifest pump@^3.0.0
29 silly packumentCache full:https://registry.npmjs.org/pump cache-miss
30 http fetch GET 200 https://registry.npmjs.org/pump 67ms (cache miss)
31 silly packumentCache full:https://registry.npmjs.org/pump set size:undefined disposed:false
32 silly fetch manifest rfdc@^1.3.0
33 silly packumentCache full:https://registry.npmjs.org/rfdc cache-miss
34 http fetch GET 200 https://registry.npmjs.org/rfdc 46ms (cache miss)
35 silly packumentCache full:https://registry.npmjs.org/rfdc set size:undefined disposed:false
36 silly fetch manifest debug@^4.1.1
37 silly packumentCache full:https://registry.npmjs.org/debug cache-miss
38 http fetch GET 200 https://registry.npmjs.org/debug 7ms (cache hit)
39 silly packumentCache full:https://registry.npmjs.org/debug set size:191331 disposed:false
40 silly fetch manifest xtend@^4.0.2
41 silly packumentCache full:https://registry.npmjs.org/xtend cache-miss
42 http fetch GET 200 https://registry.npmjs.org/xtend 66ms (cache miss)
43 silly packumentCache full:https://registry.npmjs.org/xtend set size:undefined disposed:false
44 silly fetch manifest split2@^3.1.0
45 silly packumentCache full:https://registry.npmjs.org/split2 cache-miss
46 http fetch GET 200 https://registry.npmjs.org/split2 57ms (cache miss)
47 silly packumentCache full:https://registry.npmjs.org/split2 set size:undefined disposed:false
48 silly fetch manifest commist@^1.0.0
49 silly packumentCache full:https://registry.npmjs.org/commist cache-miss
50 http fetch GET 200 https://registry.npmjs.org/commist 46ms (cache miss)
51 silly packumentCache full:https://registry.npmjs.org/commist set size:undefined disposed:false
52 silly fetch manifest help-me@^3.0.0
53 silly packumentCache full:https://registry.npmjs.org/help-me cache-miss
54 http fetch GET 200 https://registry.npmjs.org/help-me 43ms (cache miss)
55 silly packumentCache full:https://registry.npmjs.org/help-me set size:undefined disposed:false
56 silly fetch manifest minimist@^1.2.5
57 silly packumentCache full:https://registry.npmjs.org/minimist cache-miss
58 http fetch GET 200 https://registry.npmjs.org/minimist 68ms (cache miss)
59 silly packumentCache full:https://registry.npmjs.org/minimist set size:undefined disposed:false
60 silly fetch manifest duplexify@^4.1.1
61 silly packumentCache full:https://registry.npmjs.org/duplexify cache-miss
62 http fetch GET 200 https://registry.npmjs.org/duplexify 59ms (cache miss)
63 silly packumentCache full:https://registry.npmjs.org/duplexify set size:undefined disposed:false
64 silly fetch manifest lru-cache@^6.0.0
65 silly packumentCache full:https://registry.npmjs.org/lru-cache cache-miss
66 http fetch GET 200 https://registry.npmjs.org/lru-cache 66ms (cache miss)
67 silly packumentCache full:https://registry.npmjs.org/lru-cache set size:undefined disposed:false
68 silly fetch manifest reinterval@^1.1.0
69 silly packumentCache full:https://registry.npmjs.org/reinterval cache-miss
70 http fetch GET 200 https://registry.npmjs.org/reinterval 48ms (cache miss)
71 silly packumentCache full:https://registry.npmjs.org/reinterval set size:undefined disposed:false
72 silly fetch manifest mqtt-packet@^6.8.0
73 silly packumentCache full:https://registry.npmjs.org/mqtt-packet cache-miss
74 http fetch GET 200 https://registry.npmjs.org/mqtt-packet 72ms (cache miss)
75 silly packumentCache full:https://registry.npmjs.org/mqtt-packet set size:undefined disposed:false
76 silly fetch manifest concat-stream@^2.0.0
77 silly packumentCache full:https://registry.npmjs.org/concat-stream cache-miss
78 http fetch GET 200 https://registry.npmjs.org/concat-stream 40ms (cache miss)
79 silly packumentCache full:https://registry.npmjs.org/concat-stream set size:undefined disposed:false
80 silly fetch manifest readable-stream@^3.6.0
81 silly packumentCache full:https://registry.npmjs.org/readable-stream cache-miss
82 http fetch GET 200 https://registry.npmjs.org/readable-stream 49ms (cache miss)
83 silly packumentCache full:https://registry.npmjs.org/readable-stream set size:undefined disposed:false
84 silly fetch manifest number-allocator@^1.0.9
85 silly packumentCache full:https://registry.npmjs.org/number-allocator cache-miss
86 http fetch GET 200 https://registry.npmjs.org/number-allocator 66ms (cache miss)
87 silly packumentCache full:https://registry.npmjs.org/number-allocator set size:undefined disposed:false
88 silly fetch manifest bufferutil@^4.0.1
89 silly packumentCache full:https://registry.npmjs.org/bufferutil cache-miss
90 http fetch GET 200 https://registry.npmjs.org/bufferutil 7ms (cache hit)
91 silly packumentCache full:https://registry.npmjs.org/bufferutil set size:51033 disposed:false
92 silly fetch manifest utf-8-validate@^5.0.2
93 silly packumentCache full:https://registry.npmjs.org/utf-8-validate cache-miss
94 http fetch GET 200 https://registry.npmjs.org/utf-8-validate 5ms (cache hit)
95 silly packumentCache full:https://registry.npmjs.org/utf-8-validate set size:75205 disposed:false
96 silly placeDep ROOT commist@1.1.0 OK for: mqtt@4.3.8 want: ^1.0.0
97 silly placeDep ROOT concat-stream@2.0.0 OK for: mqtt@4.3.8 want: ^2.0.0
98 silly placeDep node_modules/mqtt debug@4.4.0 OK for: mqtt@4.3.8 want: ^4.1.1
99 silly placeDep ROOT duplexify@4.1.3 OK for: mqtt@4.3.8 want: ^4.1.1
100 silly placeDep ROOT help-me@3.0.0 OK for: mqtt@4.3.8 want: ^3.0.0
101 silly placeDep ROOT lru-cache@6.0.0 OK for: mqtt@4.3.8 want: ^6.0.0
102 silly placeDep ROOT minimist@1.2.8 OK for: mqtt@4.3.8 want: ^1.2.5
103 silly placeDep ROOT mqtt-packet@6.10.0 OK for: mqtt@4.3.8 want: ^6.8.0
104 silly placeDep ROOT number-allocator@1.0.14 OK for: mqtt@4.3.8 want: ^1.0.9
105 silly placeDep ROOT pump@3.0.2 OK for: mqtt@4.3.8 want: ^3.0.0
106 silly placeDep ROOT readable-stream@3.6.2 OK for: mqtt@4.3.8 want: ^3.6.0
107 silly placeDep ROOT reinterval@1.1.0 OK for: mqtt@4.3.8 want: ^1.1.0
108 silly placeDep ROOT rfdc@1.4.1 OK for: mqtt@4.3.8 want: ^1.3.0
109 silly placeDep ROOT split2@3.2.2 OK for: mqtt@4.3.8 want: ^3.1.0
110 silly placeDep node_modules/mqtt ws@7.5.10 OK for: mqtt@4.3.8 want: ^7.5.5
111 silly placeDep ROOT xtend@4.0.2 OK for: mqtt@4.3.8 want: ^4.0.2
112 silly fetch manifest leven@^2.1.0
113 silly packumentCache full:https://registry.npmjs.org/leven cache-miss
114 http fetch GET 200 https://registry.npmjs.org/leven 56ms (cache miss)
115 silly packumentCache full:https://registry.npmjs.org/leven set size:undefined disposed:false
116 silly fetch manifest minimist@^1.1.0
117 silly packumentCache full:https://registry.npmjs.org/minimist cache-miss
118 http fetch GET 200 https://registry.npmjs.org/minimist 5ms (cache hit)
119 silly packumentCache full:https://registry.npmjs.org/minimist set size:77097 disposed:false
120 silly fetch manifest buffer-from@^1.0.0
121 silly packumentCache full:https://registry.npmjs.org/buffer-from cache-miss
122 http fetch GET 200 https://registry.npmjs.org/buffer-from 47ms (cache miss)
123 silly packumentCache full:https://registry.npmjs.org/buffer-from set size:undefined disposed:false
124 silly fetch manifest readable-stream@^3.0.2
125 silly packumentCache full:https://registry.npmjs.org/readable-stream cache-miss
126 http fetch GET 200 https://registry.npmjs.org/readable-stream 7ms (cache hit)
127 silly packumentCache full:https://registry.npmjs.org/readable-stream set size:261096 disposed:false
128 silly fetch manifest typedarray@^0.0.6
129 silly packumentCache full:https://registry.npmjs.org/typedarray cache-miss
130 http fetch GET 200 https://registry.npmjs.org/typedarray 69ms (cache miss)
131 silly packumentCache full:https://registry.npmjs.org/typedarray set size:undefined disposed:false
132 silly fetch manifest ms@^2.1.3
133 silly packumentCache full:https://registry.npmjs.org/ms cache-miss
134 http fetch GET 200 https://registry.npmjs.org/ms 14ms (cache hit)
135 silly packumentCache full:https://registry.npmjs.org/ms set size:84836 disposed:false
136 silly fetch manifest end-of-stream@^1.4.1
137 silly packumentCache full:https://registry.npmjs.org/end-of-stream cache-miss
138 http fetch GET 200 https://registry.npmjs.org/end-of-stream 42ms (cache miss)
139 silly packumentCache full:https://registry.npmjs.org/end-of-stream set size:undefined disposed:false
140 silly fetch manifest readable-stream@^3.1.1
141 silly packumentCache full:https://registry.npmjs.org/readable-stream cache-hit
142 silly fetch manifest stream-shift@^1.0.2
143 silly packumentCache full:https://registry.npmjs.org/stream-shift cache-miss
144 http fetch GET 200 https://registry.npmjs.org/stream-shift 42ms (cache miss)
145 silly packumentCache full:https://registry.npmjs.org/stream-shift set size:undefined disposed:false
146 silly fetch manifest glob@^7.1.6
147 silly packumentCache full:https://registry.npmjs.org/glob cache-miss
148 http fetch GET 200 https://registry.npmjs.org/glob 106ms (cache miss)
149 silly packumentCache full:https://registry.npmjs.org/glob set size:undefined disposed:false
150 silly fetch manifest yallist@^4.0.0
151 silly packumentCache full:https://registry.npmjs.org/yallist cache-miss
152 http fetch GET 200 https://registry.npmjs.org/yallist 49ms (cache miss)
153 silly packumentCache full:https://registry.npmjs.org/yallist set size:undefined disposed:false
154 silly fetch manifest bl@^4.0.2
155 silly packumentCache full:https://registry.npmjs.org/bl cache-miss
156 http fetch GET 200 https://registry.npmjs.org/bl 54ms (cache miss)
157 silly packumentCache full:https://registry.npmjs.org/bl set size:undefined disposed:false
158 silly fetch manifest process-nextick-args@^2.0.1
159 silly packumentCache full:https://registry.npmjs.org/process-nextick-args cache-miss
160 http fetch GET 200 https://registry.npmjs.org/process-nextick-args 44ms (cache miss)
161 silly packumentCache full:https://registry.npmjs.org/process-nextick-args set size:undefined disposed:false
162 silly fetch manifest debug@^4.3.1
163 silly packumentCache full:https://registry.npmjs.org/debug cache-hit
164 silly fetch manifest js-sdsl@4.3.0
165 silly packumentCache full:https://registry.npmjs.org/js-sdsl cache-miss
166 http fetch GET 200 https://registry.npmjs.org/js-sdsl 82ms (cache miss)
167 silly packumentCache full:https://registry.npmjs.org/js-sdsl set size:undefined disposed:false
168 silly fetch manifest once@^1.3.1
169 silly packumentCache full:https://registry.npmjs.org/once cache-miss
170 http fetch GET 200 https://registry.npmjs.org/once 53ms (cache miss)
171 silly packumentCache full:https://registry.npmjs.org/once set size:undefined disposed:false
172 silly fetch manifest end-of-stream@^1.1.0
173 silly packumentCache full:https://registry.npmjs.org/end-of-stream cache-miss
174 http fetch GET 200 https://registry.npmjs.org/end-of-stream 6ms (cache hit)
175 silly packumentCache full:https://registry.npmjs.org/end-of-stream set size:26267 disposed:false
176 silly fetch manifest string_decoder@^1.1.1
177 silly packumentCache full:https://registry.npmjs.org/string_decoder cache-miss
178 http fetch GET 200 https://registry.npmjs.org/string_decoder 41ms (cache miss)
179 silly packumentCache full:https://registry.npmjs.org/string_decoder set size:undefined disposed:false
180 silly fetch manifest util-deprecate@^1.0.1
181 silly packumentCache full:https://registry.npmjs.org/util-deprecate cache-miss
182 http fetch GET 200 https://registry.npmjs.org/util-deprecate 50ms (cache miss)
183 silly packumentCache full:https://registry.npmjs.org/util-deprecate set size:undefined disposed:false
184 silly placeDep ROOT leven@2.1.0 OK for: commist@1.1.0 want: ^2.1.0
185 silly placeDep ROOT buffer-from@1.1.2 OK for: concat-stream@2.0.0 want: ^1.0.0
186 silly placeDep ROOT typedarray@0.0.6 OK for: concat-stream@2.0.0 want: ^0.0.6
187 silly placeDep ROOT end-of-stream@1.4.4 OK for: duplexify@4.1.3 want: ^1.4.1
188 silly placeDep ROOT stream-shift@1.0.3 OK for: duplexify@4.1.3 want: ^1.0.2
189 silly fetch manifest once@^1.4.0
190 silly packumentCache full:https://registry.npmjs.org/once cache-miss
191 http fetch GET 200 https://registry.npmjs.org/once 7ms (cache hit)
192 silly packumentCache full:https://registry.npmjs.org/once set size:11768 disposed:false
193 silly placeDep ROOT once@1.4.0 OK for: end-of-stream@1.4.4 want: ^1.4.0
194 silly fetch manifest wrappy@1
195 silly packumentCache full:https://registry.npmjs.org/wrappy cache-miss
196 http fetch GET 200 https://registry.npmjs.org/wrappy 58ms (cache miss)
197 silly packumentCache full:https://registry.npmjs.org/wrappy set size:undefined disposed:false
198 silly placeDep ROOT glob@7.2.3 OK for: help-me@3.0.0 want: ^7.1.6
199 silly fetch manifest inflight@^1.0.4
200 silly packumentCache full:https://registry.npmjs.org/inflight cache-miss
201 http fetch GET 200 https://registry.npmjs.org/inflight 43ms (cache miss)
202 silly packumentCache full:https://registry.npmjs.org/inflight set size:undefined disposed:false
203 silly fetch manifest minimatch@^3.1.1
204 silly packumentCache full:https://registry.npmjs.org/minimatch cache-miss
205 http fetch GET 200 https://registry.npmjs.org/minimatch 66ms (cache miss)
206 silly packumentCache full:https://registry.npmjs.org/minimatch set size:undefined disposed:false
207 silly fetch manifest fs.realpath@^1.0.0
208 silly packumentCache full:https://registry.npmjs.org/fs.realpath cache-miss
209 http fetch GET 200 https://registry.npmjs.org/fs.realpath 56ms (cache miss)
210 silly packumentCache full:https://registry.npmjs.org/fs.realpath set size:undefined disposed:false
211 silly fetch manifest path-is-absolute@^1.0.0
212 silly packumentCache full:https://registry.npmjs.org/path-is-absolute cache-miss
213 http fetch GET 200 https://registry.npmjs.org/path-is-absolute 47ms (cache miss)
214 silly packumentCache full:https://registry.npmjs.org/path-is-absolute set size:undefined disposed:false
215 silly placeDep ROOT fs.realpath@1.0.0 OK for: glob@7.2.3 want: ^1.0.0
216 silly placeDep ROOT inflight@1.0.6 OK for: glob@7.2.3 want: ^1.0.4
217 silly placeDep ROOT minimatch@3.1.2 OK for: glob@7.2.3 want: ^3.1.1
218 silly placeDep ROOT path-is-absolute@1.0.1 OK for: glob@7.2.3 want: ^1.0.0
219 silly fetch manifest brace-expansion@^1.1.7
220 silly packumentCache full:https://registry.npmjs.org/brace-expansion cache-miss
221 http fetch GET 200 https://registry.npmjs.org/brace-expansion 46ms (cache miss)
222 silly packumentCache full:https://registry.npmjs.org/brace-expansion set size:undefined disposed:false
223 silly placeDep ROOT wrappy@1.0.2 OK for: inflight@1.0.6 want: 1
224 silly placeDep ROOT yallist@4.0.0 OK for: lru-cache@6.0.0 want: ^4.0.0
225 silly placeDep ROOT brace-expansion@1.1.11 OK for: minimatch@3.1.2 want: ^1.1.7
226 silly fetch manifest balanced-match@^1.0.0
227 silly packumentCache full:https://registry.npmjs.org/balanced-match cache-miss
228 http fetch GET 200 https://registry.npmjs.org/balanced-match 48ms (cache miss)
229 silly packumentCache full:https://registry.npmjs.org/balanced-match set size:undefined disposed:false
230 silly fetch manifest concat-map@0.0.1
231 silly packumentCache full:https://registry.npmjs.org/concat-map cache-miss
232 http fetch GET 200 https://registry.npmjs.org/concat-map 44ms (cache miss)
233 silly packumentCache full:https://registry.npmjs.org/concat-map set size:undefined disposed:false
234 silly placeDep ROOT balanced-match@1.0.2 OK for: brace-expansion@1.1.11 want: ^1.0.0
235 silly placeDep ROOT concat-map@0.0.1 OK for: brace-expansion@1.1.11 want: 0.0.1
236 silly placeDep ROOT bl@4.1.0 OK for: mqtt-packet@6.10.0 want: ^4.0.2
237 silly placeDep node_modules/mqtt-packet debug@4.4.0 OK for: mqtt-packet@6.10.0 want: ^4.1.1
238 silly placeDep ROOT process-nextick-args@2.0.1 OK for: mqtt-packet@6.10.0 want: ^2.0.1
239 silly fetch manifest buffer@^5.5.0
240 silly packumentCache full:https://registry.npmjs.org/buffer cache-miss
241 http fetch GET 200 https://registry.npmjs.org/buffer 51ms (cache miss)
242 silly packumentCache full:https://registry.npmjs.org/buffer set size:undefined disposed:false
243 silly placeDep ROOT buffer@5.7.1 OK for: bl@4.1.0 want: ^5.5.0
244 silly fetch manifest base64-js@^1.3.1
245 silly packumentCache full:https://registry.npmjs.org/base64-js cache-miss
246 http fetch GET 200 https://registry.npmjs.org/base64-js 51ms (cache miss)
247 silly packumentCache full:https://registry.npmjs.org/base64-js set size:undefined disposed:false
248 silly fetch manifest ieee754@^1.1.13
249 silly packumentCache full:https://registry.npmjs.org/ieee754 cache-miss
250 http fetch GET 200 https://registry.npmjs.org/ieee754 50ms (cache miss)
251 silly packumentCache full:https://registry.npmjs.org/ieee754 set size:undefined disposed:false
252 silly placeDep ROOT base64-js@1.5.1 OK for: buffer@5.7.1 want: ^1.3.1
253 silly placeDep ROOT ieee754@1.2.1 OK for: buffer@5.7.1 want: ^1.1.13
254 silly placeDep node_modules/number-allocator debug@4.4.0 OK for: number-allocator@1.0.14 want: ^4.3.1
255 silly placeDep ROOT js-sdsl@4.3.0 OK for: number-allocator@1.0.14 want: 4.3.0
256 silly placeDep ROOT string_decoder@1.3.0 OK for: readable-stream@3.6.2 want: ^1.1.1
257 silly placeDep ROOT util-deprecate@1.0.2 OK for: readable-stream@3.6.2 want: ^1.0.1
258 silly placeDep node_modules/mqtt-packet ms@2.1.3 OK for: debug@4.4.0 want: ^2.1.3
259 silly placeDep node_modules/mqtt ms@2.1.3 OK for: debug@4.4.0 want: ^2.1.3
260 silly placeDep node_modules/number-allocator ms@2.1.3 OK for: debug@4.4.0 want: ^2.1.3
261 silly reify moves {}
262 silly tarball no local data for util-deprecate@https://registry.npmjs.org/util-deprecate/-/util-deprecate-1.0.2.tgz. Extracting by manifest.
263 silly tarball no local data for string_decoder@https://registry.npmjs.org/string_decoder/-/string_decoder-1.3.0.tgz. Extracting by manifest.
264 silly tarball no local data for js-sdsl@https://registry.npmjs.org/js-sdsl/-/js-sdsl-4.3.0.tgz. Extracting by manifest.
265 silly tarball no local data for base64-js@https://registry.npmjs.org/base64-js/-/base64-js-1.5.1.tgz. Extracting by manifest.
266 silly tarball no local data for ieee754@https://registry.npmjs.org/ieee754/-/ieee754-1.2.1.tgz. Extracting by manifest.
267 silly tarball no local data for buffer@https://registry.npmjs.org/buffer/-/buffer-5.7.1.tgz. Extracting by manifest.
268 silly tarball no local data for process-nextick-args@https://registry.npmjs.org/process-nextick-args/-/process-nextick-args-2.0.1.tgz. Extracting by manifest.
269 silly tarball no local data for bl@https://registry.npmjs.org/bl/-/bl-4.1.0.tgz. Extracting by manifest.
270 silly tarball no local data for balanced-match@https://registry.npmjs.org/balanced-match/-/balanced-match-1.0.2.tgz. Extracting by manifest.
271 silly tarball no local data for concat-map@https://registry.npmjs.org/concat-map/-/concat-map-0.0.1.tgz. Extracting by manifest.
272 silly tarball no local data for brace-expansion@https://registry.npmjs.org/brace-expansion/-/brace-expansion-1.1.11.tgz. Extracting by manifest.
273 silly tarball no local data for yallist@https://registry.npmjs.org/yallist/-/yallist-4.0.0.tgz. Extracting by manifest.
274 silly tarball no local data for wrappy@https://registry.npmjs.org/wrappy/-/wrappy-1.0.2.tgz. Extracting by manifest.
275 silly tarball no local data for path-is-absolute@https://registry.npmjs.org/path-is-absolute/-/path-is-absolute-1.0.1.tgz. Extracting by manifest.
276 silly tarball no local data for inflight@https://registry.npmjs.org/inflight/-/inflight-1.0.6.tgz. Extracting by manifest.
277 silly tarball no local data for fs.realpath@https://registry.npmjs.org/fs.realpath/-/fs.realpath-1.0.0.tgz. Extracting by manifest.
278 silly tarball no local data for minimatch@https://registry.npmjs.org/minimatch/-/minimatch-3.1.2.tgz. Extracting by manifest.
279 silly tarball no local data for glob@https://registry.npmjs.org/glob/-/glob-7.2.3.tgz. Extracting by manifest.
280 silly tarball no local data for once@https://registry.npmjs.org/once/-/once-1.4.0.tgz. Extracting by manifest.
281 silly tarball no local data for stream-shift@https://registry.npmjs.org/stream-shift/-/stream-shift-1.0.3.tgz. Extracting by manifest.
282 silly tarball no local data for end-of-stream@https://registry.npmjs.org/end-of-stream/-/end-of-stream-1.4.4.tgz. Extracting by manifest.
283 silly tarball no local data for typedarray@https://registry.npmjs.org/typedarray/-/typedarray-0.0.6.tgz. Extracting by manifest.
284 silly tarball no local data for buffer-from@https://registry.npmjs.org/buffer-from/-/buffer-from-1.1.2.tgz. Extracting by manifest.
285 silly tarball no local data for leven@https://registry.npmjs.org/leven/-/leven-2.1.0.tgz. Extracting by manifest.
286 silly tarball no local data for xtend@https://registry.npmjs.org/xtend/-/xtend-4.0.2.tgz. Extracting by manifest.
287 silly tarball no local data for split2@https://registry.npmjs.org/split2/-/split2-3.2.2.tgz. Extracting by manifest.
288 silly tarball no local data for reinterval@https://registry.npmjs.org/reinterval/-/reinterval-1.1.0.tgz. Extracting by manifest.
289 silly tarball no local data for rfdc@https://registry.npmjs.org/rfdc/-/rfdc-1.4.1.tgz. Extracting by manifest.
290 silly tarball no local data for readable-stream@https://registry.npmjs.org/readable-stream/-/readable-stream-3.6.2.tgz. Extracting by manifest.
291 silly tarball no local data for pump@https://registry.npmjs.org/pump/-/pump-3.0.2.tgz. Extracting by manifest.
292 silly tarball no local data for number-allocator@https://registry.npmjs.org/number-allocator/-/number-allocator-1.0.14.tgz. Extracting by manifest.
293 silly tarball no local data for mqtt-packet@https://registry.npmjs.org/mqtt-packet/-/mqtt-packet-6.10.0.tgz. Extracting by manifest.
294 silly tarball no local data for minimist@https://registry.npmjs.org/minimist/-/minimist-1.2.8.tgz. Extracting by manifest.
295 silly tarball no local data for lru-cache@https://registry.npmjs.org/lru-cache/-/lru-cache-6.0.0.tgz. Extracting by manifest.
296 silly tarball no local data for help-me@https://registry.npmjs.org/help-me/-/help-me-3.0.0.tgz. Extracting by manifest.
297 silly tarball no local data for duplexify@https://registry.npmjs.org/duplexify/-/duplexify-4.1.3.tgz. Extracting by manifest.
298 silly tarball no local data for concat-stream@https://registry.npmjs.org/concat-stream/-/concat-stream-2.0.0.tgz. Extracting by manifest.
299 silly tarball no local data for commist@https://registry.npmjs.org/commist/-/commist-1.1.0.tgz. Extracting by manifest.
300 silly tarball no local data for mqtt@https://registry.npmjs.org/mqtt/-/mqtt-4.3.8.tgz. Extracting by manifest.
301 silly tarball no local data for node-red-contrib-mqtt-auto@https://registry.npmjs.org/node-red-contrib-mqtt-auto/-/node-red-contrib-mqtt-auto-1.0.3.tgz. Extracting by manifest.
302 silly tarball no local data for debug@https://registry.npmjs.org/debug/-/debug-4.4.0.tgz. Extracting by manifest.
303 silly tarball no local data for debug@https://registry.npmjs.org/debug/-/debug-4.4.0.tgz. Extracting by manifest.
304 silly tarball no local data for ws@https://registry.npmjs.org/ws/-/ws-7.5.10.tgz. Extracting by manifest.
305 silly tarball no local data for debug@https://registry.npmjs.org/debug/-/debug-4.4.0.tgz. Extracting by manifest.
306 http fetch GET 200 https://registry.npmjs.org/util-deprecate/-/util-deprecate-1.0.2.tgz 768ms (cache miss)
307 http fetch GET 200 https://registry.npmjs.org/fs.realpath/-/fs.realpath-1.0.0.tgz 819ms (cache miss)
308 http fetch GET 200 https://registry.npmjs.org/minimatch/-/minimatch-3.1.2.tgz 854ms (cache miss)
309 http fetch GET 200 https://registry.npmjs.org/ieee754/-/ieee754-1.2.1.tgz 883ms (cache miss)
310 http fetch GET 200 https://registry.npmjs.org/balanced-match/-/balanced-match-1.0.2.tgz 889ms (cache miss)
311 http fetch GET 200 https://registry.npmjs.org/concat-map/-/concat-map-0.0.1.tgz 889ms (cache miss)
312 http fetch GET 200 https://registry.npmjs.org/glob/-/glob-7.2.3.tgz 875ms (cache miss)
313 warn deprecated glob@7.2.3: Glob versions prior to v9 are no longer supported
314 http fetch GET 200 https://registry.npmjs.org/once/-/once-1.4.0.tgz 876ms (cache miss)
315 http fetch GET 200 https://registry.npmjs.org/stream-shift/-/stream-shift-1.0.3.tgz 875ms (cache miss)
316 http fetch GET 200 https://registry.npmjs.org/wrappy/-/wrappy-1.0.2.tgz 909ms (cache miss)
317 http fetch GET 200 https://registry.npmjs.org/end-of-stream/-/end-of-stream-1.4.4.tgz 889ms (cache miss)
318 http fetch GET 200 https://registry.npmjs.org/string_decoder/-/string_decoder-1.3.0.tgz 936ms (cache miss)
319 http fetch GET 200 https://registry.npmjs.org/base64-js/-/base64-js-1.5.1.tgz 933ms (cache miss)
320 http fetch GET 200 https://registry.npmjs.org/process-nextick-args/-/process-nextick-args-2.0.1.tgz 933ms (cache miss)
321 http fetch GET 200 https://registry.npmjs.org/inflight/-/inflight-1.0.6.tgz 924ms (cache miss)
322 warn deprecated inflight@1.0.6: This module is not supported, and leaks memory. Do not use it. Check out lru-cache if you want a good and tested way to coalesce async requests by a key value, which is much more comprehensive and powerful.
323 http fetch GET 200 https://registry.npmjs.org/split2/-/split2-3.2.2.tgz 913ms (cache miss)
324 http fetch GET 200 https://registry.npmjs.org/buffer-from/-/buffer-from-1.1.2.tgz 921ms (cache miss)
325 http fetch GET 200 https://registry.npmjs.org/path-is-absolute/-/path-is-absolute-1.0.1.tgz 952ms (cache miss)
326 http fetch GET 200 https://registry.npmjs.org/reinterval/-/reinterval-1.1.0.tgz 925ms (cache miss)
327 http fetch GET 200 https://registry.npmjs.org/leven/-/leven-2.1.0.tgz 930ms (cache miss)
328 http fetch GET 200 https://registry.npmjs.org/xtend/-/xtend-4.0.2.tgz 929ms (cache miss)
329 http fetch GET 200 https://registry.npmjs.org/brace-expansion/-/brace-expansion-1.1.11.tgz 967ms (cache miss)
330 http fetch GET 200 https://registry.npmjs.org/yallist/-/yallist-4.0.0.tgz 966ms (cache miss)
331 http fetch GET 200 https://registry.npmjs.org/commist/-/commist-1.1.0.tgz 925ms (cache miss)
332 http fetch GET 200 https://registry.npmjs.org/typedarray/-/typedarray-0.0.6.tgz 952ms (cache miss)
333 http fetch GET 200 https://registry.npmjs.org/pump/-/pump-3.0.2.tgz 949ms (cache miss)
334 http fetch GET 200 https://registry.npmjs.org/concat-stream/-/concat-stream-2.0.0.tgz 937ms (cache miss)
335 http fetch GET 200 https://registry.npmjs.org/duplexify/-/duplexify-4.1.3.tgz 947ms (cache miss)
336 http fetch GET 200 https://registry.npmjs.org/rfdc/-/rfdc-1.4.1.tgz 973ms (cache miss)
337 http fetch GET 200 https://registry.npmjs.org/lru-cache/-/lru-cache-6.0.0.tgz 962ms (cache miss)
338 http fetch GET 200 https://registry.npmjs.org/number-allocator/-/number-allocator-1.0.14.tgz 1011ms (cache miss)
339 http fetch GET 200 https://registry.npmjs.org/bl/-/bl-4.1.0.tgz 1071ms (cache miss)
340 http fetch GET 200 https://registry.npmjs.org/buffer/-/buffer-5.7.1.tgz 1078ms (cache miss)
341 http fetch GET 200 https://registry.npmjs.org/debug/-/debug-4.4.0.tgz 1021ms (cache miss)
342 http fetch GET 200 https://registry.npmjs.org/debug/-/debug-4.4.0.tgz 1030ms (cache miss)
343 http fetch GET 200 https://registry.npmjs.org/debug/-/debug-4.4.0.tgz 1029ms (cache miss)
344 http fetch GET 200 https://registry.npmjs.org/help-me/-/help-me-3.0.0.tgz 1056ms (cache miss)
345 http fetch GET 200 https://registry.npmjs.org/readable-stream/-/readable-stream-3.6.2.tgz 1071ms (cache miss)
346 http fetch GET 200 https://registry.npmjs.org/minimist/-/minimist-1.2.8.tgz 1102ms (cache miss)
347 http fetch GET 200 https://registry.npmjs.org/mqtt-packet/-/mqtt-packet-6.10.0.tgz 1116ms (cache miss)
348 http fetch GET 200 https://registry.npmjs.org/ws/-/ws-7.5.10.tgz 1139ms (cache miss)
349 http fetch GET 200 https://registry.npmjs.org/node-red-contrib-mqtt-auto/-/node-red-contrib-mqtt-auto-1.0.3.tgz 1176ms (cache miss)
350 http fetch GET 200 https://registry.npmjs.org/mqtt/-/mqtt-4.3.8.tgz 1235ms (cache miss)
351 http fetch GET 200 https://registry.npmjs.org/js-sdsl/-/js-sdsl-4.3.0.tgz 1381ms (cache miss)
352 silly ADD node_modules/util-deprecate
353 silly ADD node_modules/string_decoder
354 silly ADD node_modules/js-sdsl
355 silly ADD node_modules/ieee754
356 silly ADD node_modules/base64-js
357 silly ADD node_modules/buffer
358 silly ADD node_modules/process-nextick-args
359 silly ADD node_modules/bl
360 silly ADD node_modules/concat-map
361 silly ADD node_modules/balanced-match
362 silly ADD node_modules/brace-expansion
363 silly ADD node_modules/yallist
364 silly ADD node_modules/wrappy
365 silly ADD node_modules/path-is-absolute
366 silly ADD node_modules/minimatch
367 silly ADD node_modules/inflight
368 silly ADD node_modules/fs.realpath
369 silly ADD node_modules/glob
370 silly ADD node_modules/once
371 silly ADD node_modules/stream-shift
372 silly ADD node_modules/end-of-stream
373 silly ADD node_modules/typedarray
374 silly ADD node_modules/buffer-from
375 silly ADD node_modules/leven
376 silly ADD node_modules/xtend
377 silly ADD node_modules/split2
378 silly ADD node_modules/rfdc
379 silly ADD node_modules/reinterval
380 silly ADD node_modules/readable-stream
381 silly ADD node_modules/pump
382 silly ADD node_modules/number-allocator
383 silly ADD node_modules/number-allocator/node_modules/ms
384 silly ADD node_modules/number-allocator/node_modules/debug
385 silly ADD node_modules/mqtt-packet
386 silly ADD node_modules/mqtt-packet/node_modules/ms
387 silly ADD node_modules/mqtt-packet/node_modules/debug
388 silly ADD node_modules/minimist
389 silly ADD node_modules/lru-cache
390 silly ADD node_modules/help-me
391 silly ADD node_modules/duplexify
392 silly ADD node_modules/concat-stream
393 silly ADD node_modules/commist
394 silly ADD node_modules/mqtt
395 silly ADD node_modules/mqtt/node_modules/ms
396 silly ADD node_modules/mqtt/node_modules/ws
397 silly ADD node_modules/mqtt/node_modules/debug
398 silly ADD node_modules/node-red-contrib-mqtt-auto
399 verbose cwd /data
400 verbose os Linux 6.1.0-29-cloud-amd64
401 verbose node v20.18.1
402 verbose npm  v10.8.2
403 verbose exit 0
404 info ok
